16/120 games complete
32/120 games complete
48/120 games complete
64/120 games complete
80/120 games complete
96/120 games complete
112/120 games complete
120/120 games complete
[
  {
    "group": "baseline",
    "games": 16,
    "plies": 2010,
    "shifts": 425,
    "shift_action_percent": 21.144278606965173,
    "loaded_share_percent": 14.117647058823529,
    "mean_first_shift_action_1based": 16.4375,
    "mean_hole_masks": 17.4375,
    "mean_branching": 16.493778778335365,
    "wins_challenger": null,
    "losses_challenger": null,
    "white_wins": 1,
    "black_wins": 1,
    "true_draws": 11,
    "truncated": 3,
    "shift_check_answers": 15,
    "shift_checks": 28,
    "restriction_fallbacks": 0,
    "end_reasons": {
      "truncated": 3,
      "threefold": 4,
      "bare_kings": 7,
      "checkmate": 2
    }
  },
  {
    "group": "piece_first",
    "games": 32,
    "plies": 5144,
    "shifts": 544,
    "shift_action_percent": 10.57542768273717,
    "loaded_share_percent": 17.279411764705884,
    "mean_first_shift_action_1based": 26.35483870967742,
    "mean_hole_masks": 13.125,
    "mean_branching": 14.78025107688097,
    "wins_challenger": 1,
    "losses_challenger": 1,
    "white_wins": 2,
    "black_wins": 0,
    "true_draws": 13,
    "truncated": 17,
    "shift_check_answers": 8,
    "shift_checks": 23,
    "restriction_fallbacks": 0,
    "end_reasons": {
      "truncated": 17,
      "bare_kings": 10,
      "checkmate": 2,
      "threefold": 3
    }
  },
  {
    "group": "shift_first",
    "games": 32,
    "plies": 2940,
    "shifts": 1360,
    "shift_action_percent": 46.25850340136054,
    "loaded_share_percent": 15.735294117647058,
    "mean_first_shift_action_1based": 1.4375,
    "mean_hole_masks": 17.53125,
    "mean_branching": 21.42746541019087,
    "wins_challenger": 0,
    "losses_challenger": 11,
    "white_wins": 6,
    "black_wins": 5,
    "true_draws": 20,
    "truncated": 1,
    "shift_check_answers": 68,
    "shift_checks": 71,
    "restriction_fallbacks": 0,
    "end_reasons": {
      "threefold": 20,
      "checkmate": 11,
      "truncated": 1
    }
  },
  {
    "group": "shift_seeking",
    "games": 32,
    "plies": 3828,
    "shifts": 1359,
    "shift_action_percent": 35.50156739811912,
    "loaded_share_percent": 21.192052980132452,
    "mean_first_shift_action_1based": 4.46875,
    "mean_hole_masks": 24.03125,
    "mean_branching": 17.27861286737593,
    "wins_challenger": 2,
    "losses_challenger": 1,
    "white_wins": 2,
    "black_wins": 1,
    "true_draws": 22,
    "truncated": 7,
    "shift_check_answers": 34,
    "shift_checks": 64,
    "restriction_fallbacks": 0,
    "end_reasons": {
      "threefold": 21,
      "truncated": 7,
      "bare_kings": 1,
      "checkmate": 3
    }
  },
  {
    "group": "two_ply",
    "games": 8,
    "plies": 368,
    "shifts": 32,
    "shift_action_percent": 8.695652173913043,
    "loaded_share_percent": 50.0,
    "mean_first_shift_action_1based": 13,
    "mean_hole_masks": 4.125,
    "mean_branching": 23.607269877368218,
    "wins_challenger": 8,
    "losses_challenger": 0,
    "white_wins": 4,
    "black_wins": 4,
    "true_draws": 0,
    "truncated": 0,
    "shift_check_answers": 1,
    "shift_checks": 1,
    "restriction_fallbacks": 0,
    "end_reasons": {
      "checkmate": 8
    }
  }
]
